Total modules: 146; targets: 90
[1/90] OK 4.32MB  02_the-mastery\course-1_platform-mastery-saas\01_saas-dashboard-and-data-layer
[2/90] OK 4.13MB  02_the-mastery\course-1_platform-mastery-saas\02_subscription-endpoints-and-webhooks
[3/90] OK 3.72MB  02_the-mastery\course-1_platform-mastery-saas\03_multi-tenant-data-architecture
[4/90] OK 3.51MB  02_the-mastery\course-1_platform-mastery-saas\04_users-teams-and-rbac
[5/90] OK 3.43MB  02_the-mastery\course-1_platform-mastery-saas\05_saas-deployment-pipelines
[6/90] OK 3.32MB  02_the-mastery\course-1_platform-mastery-saas\06_api-throttling-and-usage-metering
[7/90] OK 3.42MB  02_the-mastery\course-1_platform-mastery-saas\07_production-monitoring-for-saas
[8/90] OK 3.46MB  02_the-mastery\course-2_databases\01_data-modeling-fundamentals
[9/90] OK 3.56MB  02_the-mastery\course-2_databases\02_relationships-and-normalization-decisions
[10/90] OK 3.57MB  02_the-mastery\course-2_databases\03_indexes-and-query-performance
[11/90] OK 3.62MB  02_the-mastery\course-2_databases\04_migrations-without-downtime
[12/90] OK 3.57MB  02_the-mastery\course-2_databases\05_seeding-backups-and-restores
[13/90] OK 3.62MB  02_the-mastery\course-2_databases\06_scaling-and-read-replicas
[14/90] OK 3.71MB  02_the-mastery\course-2_databases\07_ship-production-database
[15/90] OK 3.49MB  02_the-mastery\course-3_auth\01_auth-architecture-and-session-models
[16/90] OK 3.50MB  02_the-mastery\course-3_auth\02_email-password-and-magic-links
[17/90] OK 3.55MB  02_the-mastery\course-3_auth\03_social-and-sso-logins
[18/90] OK 3.59MB  02_the-mastery\course-3_auth\04_roles-permissions-and-teams
[19/90] OK 3.66MB  02_the-mastery\course-3_auth\05_two-factor-and-account-security
[20/90] OK 3.61MB  02_the-mastery\course-3_auth\06_password-reset-and-edge-cases
[21/90] OK 3.70MB  02_the-mastery\course-3_auth\07_ship-production-auth
[22/90] OK 4.01MB  02_the-mastery\course-4_nextjs\01_next-js-architecture-and-routing
[23/90] OK 3.81MB  02_the-mastery\course-4_nextjs\02_server-and-client-components
[24/90] OK 3.61MB  02_the-mastery\course-4_nextjs\03_data-fetching-and-caching
[25/90] OK 3.80MB  02_the-mastery\course-4_nextjs\04_api-routes-and-server-actions
[26/90] OK 3.81MB  02_the-mastery\course-4_nextjs\05_seo-metadata-and-performance
[27/90] OK 3.94MB  02_the-mastery\course-4_nextjs\06_vercel-deployment-and-environments
[28/90] OK 3.93MB  02_the-mastery\course-4_nextjs\07_ship-production-next-js-app
[29/90] OK 3.48MB  02_the-mastery\course-5_supabase\01_supabase-architecture-and-project-setup
[30/90] OK 3.95MB  02_the-mastery\course-5_supabase\02_postgres-tables-and-relationships
[31/90] OK 3.95MB  02_the-mastery\course-5_supabase\03_row-level-security-policies
[32/90] OK 3.54MB  02_the-mastery\course-5_supabase\04_auth-and-user-management
[33/90] OK 4.16MB  02_the-mastery\course-5_supabase\05_storage-realtime-and-edge-functions
[34/90] OK 3.76MB  02_the-mastery\course-5_supabase\06_backups-and-environments
[35/90] OK 4.03MB  02_the-mastery\course-5_supabase\07_ship-production-backend
[36/90] OK 3.09MB  02_the-mastery\course-6_payments-stripe\01_payments-architecture-and-account-setup
[37/90] OK 2.96MB  02_the-mastery\course-6_payments-stripe\02_one-time-checkout-flows
[38/90] OK 2.96MB  02_the-mastery\course-6_payments-stripe\03_subscriptions-and-billing-portal
[39/90] OK 2.99MB  02_the-mastery\course-6_payments-stripe\04_webhooks-and-payment-state
[40/90] OK 2.99MB  02_the-mastery\course-6_payments-stripe\05_invoices-taxes-and-receipts
[41/90] OK 3.06MB  02_the-mastery\course-6_payments-stripe\06_failed-payments-and-dunning
[42/90] OK 3.11MB  02_the-mastery\course-6_payments-stripe\07_ship-live-payment-system
[43/90] OK 3.10MB  02_the-mastery\course-7_apis-as-products\01_api-architecture-and-endpoint-design
[44/90] OK 2.96MB  02_the-mastery\course-7_apis-as-products\02_auth-keys-and-rate-limiting
[45/90] OK 2.99MB  02_the-mastery\course-7_apis-as-products\03_documentation-and-developer-experience
[46/90] OK 3.00MB  02_the-mastery\course-7_apis-as-products\04_usage-metering-and-billing
[47/90] OK 3.12MB  02_the-mastery\course-7_apis-as-products\05_versioning-and-error-design
[48/90] OK 3.02MB  02_the-mastery\course-7_apis-as-products\06_monitoring-and-uptime
[49/90] OK 3.14MB  02_the-mastery\course-7_apis-as-products\07_ship-live-api-product
[50/90] OK 3.72MB  03_the-industry\vertical-1_education\04_classroom-roles-and-parent-access
[51/90] OK 3.99MB  03_the-industry\vertical-1_education\05_student-data-privacy-and-compliance
[52/90] OK 3.81MB  03_the-industry\vertical-1_education\06_course-content-delivery-and-media
[53/90] OK 3.88MB  03_the-industry\vertical-1_education\07_assessment-resilience-and-academic-continuity
[54/90] OK 4.11MB  03_the-industry\vertical-2_construction\01_contractor-and-project-dashboards
[55/90] OK 4.01MB  03_the-industry\vertical-2_construction\02_estimating-and-bidding-apis
[56/90] OK 3.98MB  03_the-industry\vertical-2_construction\03_project-records-and-multi-site-data
[57/90] OK 3.78MB  03_the-industry\vertical-2_construction\04_crew-roles-and-subcontractor-access
[58/90] OK 3.68MB  03_the-industry\vertical-2_construction\05_job-site-safety-and-compliance-data
[59/90] OK 3.73MB  03_the-industry\vertical-2_construction\06_blueprint-and-document-delivery
[60/90] OK 3.82MB  03_the-industry\vertical-2_construction\07_project-continuity-and-disaster-recovery
[61/90] OK 3.38MB  03_the-industry\vertical-3_healthcare\01_the-clinical-practice-workflow-map
[62/90] OK 3.24MB  03_the-industry\vertical-3_healthcare\02_patient-intake-and-forms
[63/90] OK 3.23MB  03_the-industry\vertical-3_healthcare\03_scheduling-and-reminder-systems
[64/90] OK 3.52MB  03_the-industry\vertical-3_healthcare\04_hipaa-boundaries-for-builders
[65/90] OK 3.38MB  03_the-industry\vertical-3_healthcare\05_billing-and-insurance-admin-tools
[66/90] OK 3.46MB  03_the-industry\vertical-3_healthcare\06_patient-communication-systems
[67/90] OK 3.40MB  03_the-industry\vertical-3_healthcare\07_ship-practice-admin-toolkit
[68/90] OK 2.91MB  04_the-vault\course-3_ai-code-auditing\02_the-13-layer-audit-framework
[69/90] OK 3.00MB  04_the-vault\course-3_ai-code-auditing\03_automated-scanning-direction
[70/90] OK 3.01MB  04_the-vault\course-3_ai-code-auditing\04_manual-review-hotspots
[71/90] OK 2.99MB  04_the-vault\course-3_ai-code-auditing\05_findings-severity-and-reporting
[72/90] OK 3.04MB  04_the-vault\course-3_ai-code-auditing\06_remediation-sprints
[73/90] OK 3.25MB  04_the-vault\course-3_ai-code-auditing\07_ship-complete-codebase-audit
[74/90] OK 3.36MB  05_the-launchpad\course-2_idea-validation\07_ship-your-validated-idea-brief
[75/90] OK 2.64MB  05_the-launchpad\course-3_positioning-and-offers\01_why-positioning-beats-marketing
[76/90] OK 2.75MB  05_the-launchpad\course-3_positioning-and-offers\02_finding-your-positioning-sweet-spot
[77/90] OK 2.73MB  05_the-launchpad\course-3_positioning-and-offers\03_designing-your-offer
[78/90] OK 2.69MB  05_the-launchpad\course-3_positioning-and-offers\04_articulating-your-value-proposition
[79/90] OK 2.71MB  05_the-launchpad\course-3_positioning-and-offers\05_competitive-differentiation
[80/90] OK 2.90MB  05_the-launchpad\course-3_positioning-and-offers\06_testing-and-refining-your-position
[81/90] OK 2.91MB  05_the-launchpad\course-3_positioning-and-offers\07_ship-your-positioning-package
[82/90] OK 3.64MB  06_the-frontier\course-2_prompt-engineering\06_production-prompt-patterns
[83/90] OK 3.59MB  06_the-frontier\course-2_prompt-engineering\07_ship-professional-prompt-architecture
[84/90] OK 2.70MB  06_the-frontier\course-3_context-engineering\01_what-context-engineering-is
[85/90] OK 2.57MB  06_the-frontier\course-3_context-engineering\02_context-window-architecture
[86/90] OK 2.71MB  06_the-frontier\course-3_context-engineering\03_information-retrieval-and-selection
[87/90] OK 2.77MB  06_the-frontier\course-3_context-engineering\04_memory-and-conversation-design
[88/90] OK 2.67MB  06_the-frontier\course-3_context-engineering\05_dynamic-context-assembly
[89/90] OK 2.73MB  06_the-frontier\course-3_context-engineering\06_context-quality-and-debugging
[90/90] OK 3.01MB  06_the-frontier\course-3_context-engineering\07_ship-production-context-system

Done. 90 ok, 0 failed/skipped.
